// Vitest Snapshot v1

exports[`build fs output > _00 manifest.json 1`] = `
Object {
  "background": Object {
    "service_worker": "service-worker-loader.js",
    "type": "module",
  },
  "description": "test extension",
  "manifest_version": 3,
  "name": "test extension",
  "version": "1.0.0",
  "web_accessible_resources": Array [
    Object {
      "matches": Array [
        "https://github.com/*",
        "https://google.com/*",
      ],
      "resources": Array [
        "assets/content1.ts.hash0.js",
        "assets/content2.ts.hash1.js",
        "assets/font.hash2.otf",
        "assets/image.hash3.png",
        "assets/script.ts.hash4.js",
      ],
      "use_dynamic_url": true,
    },
  ],
}
`;

exports[`build fs output > _01 output files 1`] = `
Array [
  "assets/background.ts.hash5.js",
  "assets/content1.ts-loader.hash6.js",
  "assets/content1.ts.hash0.js",
  "assets/content2.ts-loader.hash7.js",
  "assets/content2.ts.hash1.js",
  "assets/font.hash2.otf",
  "assets/image.hash3.png",
  "assets/script.ts.hash4.js",
  "manifest.json",
  "service-worker-loader.js",
]
`;

exports[`build fs output > assets/background.ts.hash5.js 1`] = `
"const content1 = \\"/assets/content1.ts-loader.hash6.js\\";
const content2 = \\"/assets/content2.ts-loader.hash7.js\\";
chrome.scripting.executeScript({
  files: [content1, content2],
  target: { tabId: 1 }
});
"
`;

exports[`build fs output > assets/content1.ts.hash0.js 1`] = `
"const script = \\"/assets/script.ts.hash4.js\\";
console.log(\\"content.ts\\", { script });
"
`;

exports[`build fs output > assets/content1.ts-loader.hash6.js 1`] = `
"(function () {
  'use strict';

  (async () => {
    await import(
      /* @vite-ignore */
      chrome.runtime.getURL(\\"assets/content1.ts.hash0.js\\")
    );
  })().catch(console.error);

})();
"
`;

exports[`build fs output > assets/content2.ts.hash1.js 1`] = `
"const font = \\"/assets/font.hash2.otf\\";
console.log(\\"content2.ts\\", { font });
"
`;

exports[`build fs output > assets/content2.ts-loader.hash7.js 1`] = `
"(function () {
  'use strict';

  (async () => {
    await import(
      /* @vite-ignore */
      chrome.runtime.getURL(\\"assets/content2.ts.hash1.js\\")
    );
  })().catch(console.error);

})();
"
`;

exports[`build fs output > assets/script.ts.hash4.js 1`] = `
"const icon = \\"/assets/image.hash3.png\\";
console.log(\\"main world script\\", { icon });
"
`;

exports[`build fs output > service-worker-loader.js 1`] = `
"import './assets/background.ts.hash5.js';
"
`;
