// Vitest Snapshot v1

exports[`works with 'self' directive > _00 manifest.json 1`] = `
Object {
  "action": Object {
    "default_popup": "src/popup.html",
  },
  "background": Object {
    "service_worker": "service-worker-loader.js",
    "type": "module",
  },
  "content_scripts": Array [
    Object {
      "js": Array [
        "assets/content.ts-loader.hash0.js",
      ],
      "matches": Array [
        "https://*/*",
        "http://*/*",
      ],
    },
  ],
  "content_security_policy": Object {
    "extension_pages": "script-src 'self'; object-src 'self';",
  },
  "description": "test extension",
  "manifest_version": 3,
  "name": "test extension",
  "version": "0.1.0",
  "web_accessible_resources": Array [
    Object {
      "matches": Array [
        "http://*/*",
        "https://*/*",
      ],
      "resources": Array [
        "assets/content.ts.hash1.js",
      ],
      "use_dynamic_url": true,
    },
  ],
}
`;

exports[`works with 'self' directive > _01 output files 1`] = `
Array [
  "assets/background.ts.hash2.js",
  "assets/content.ts-loader.hash0.js",
  "assets/content.ts.hash1.js",
  "assets/popup.html.hash3.js",
  "assets/vendor.hash4.js",
  "manifest.json",
  "service-worker-loader.js",
  "src/popup.html",
]
`;

exports[`works with 'self' directive > assets/background.ts.hash2.js 1`] = `
"console.log(\\"service_worker.ts\\");
"
`;

exports[`works with 'self' directive > assets/content.ts.hash1.js 1`] = `
"console.log(\\"content script\\");
"
`;

exports[`works with 'self' directive > assets/content.ts-loader.hash0.js 1`] = `
"(function () {
  'use strict';

  (async () => {
    await import(
      /* @vite-ignore */
      chrome.runtime.getURL(\\"assets/content.ts.hash1.js\\")
    );
  })().catch(console.error);

})();
"
`;

exports[`works with 'self' directive > assets/popup.html.hash3.js 1`] = `
"import { R as React, r as reactDom } from \\"./vendor.hash4.js\\";
(function polyfill() {
  const relList = document.createElement(\\"link\\").relList;
  if (relList && relList.supports && relList.supports(\\"modulepreload\\")) {
    return;
  }
  for (const link of document.querySelectorAll('link[rel=\\"modulepreload\\"]')) {
    processPreload(link);
  }
  new MutationObserver((mutations) => {
    for (const mutation of mutations) {
      if (mutation.type !== \\"childList\\") {
        continue;
      }
      for (const node of mutation.addedNodes) {
        if (node.tagName === \\"LINK\\" && node.rel === \\"modulepreload\\")
          processPreload(node);
      }
    }
  }).observe(document, { childList: true, subtree: true });
  function getFetchOpts(script) {
    const fetchOpts = {};
    if (script.integrity)
      fetchOpts.integrity = script.integrity;
    if (script.referrerpolicy)
      fetchOpts.referrerPolicy = script.referrerpolicy;
    if (script.crossorigin === \\"use-credentials\\")
      fetchOpts.credentials = \\"include\\";
    else if (script.crossorigin === \\"anonymous\\")
      fetchOpts.credentials = \\"omit\\";
    else
      fetchOpts.credentials = \\"same-origin\\";
    return fetchOpts;
  }
  function processPreload(link) {
    if (link.ep)
      return;
    link.ep = true;
    const fetchOpts = getFetchOpts(link);
    fetch(link.href, fetchOpts);
  }
})();
const App = () => {
  return /* @__PURE__ */ React.createElement(\\"div\\", null, /* @__PURE__ */ React.createElement(\\"h1\\", null, \\"Popup Page\\"), /* @__PURE__ */ React.createElement(\\"p\\", null, \\"If you are seeing this, React is working!\\"));
};
console.log(\\"popup script\\");
const root = document.querySelector(\\"#root\\");
reactDom.exports.render(/* @__PURE__ */ React.createElement(App, null), root);
"
`;

exports[`works with 'self' directive > service-worker-loader.js 1`] = `
"import './assets/background.ts.hash2.js';
"
`;

exports[`works with 'self' directive > src/popup.html 1`] = `
"<!DOCTYPE html>
<html lang=\\"en\\">
  <head>
    <meta charset=\\"UTF-8\\" />
    <meta name=\\"viewport\\" content=\\"width=1000, initial-scale=1.0\\" />
    <title>Popup Page</title>
    <script type=\\"module\\" crossorigin src=\\"/assets/popup.html.hash3.js\\"></script>
    <link rel=\\"modulepreload\\" crossorigin href=\\"/assets/vendor.hash4.js\\">
  </head>
  <body>
    <div id=\\"root\\"></div>
    
  </body>
</html>
"
`;
