// Vitest Snapshot v1

exports[`serve fs output > _00 manifest.json 1`] = `
Object {
  "action": Object {
    "default_icon": Object {
      "128": "icons/action-icon-128.png",
      "16": "icons/action-icon-16.png",
      "32": "icons/action-icon-32.png",
      "48": "icons/action-icon-48.png",
    },
    "default_popup": "src/popup.html",
  },
  "background": Object {
    "service_worker": "service-worker-loader.js",
    "type": "module",
  },
  "description": "Chrome Extension with a public dir",
  "icons": Object {
    "128": "icons/manifest-icon-128.png",
    "16": "icons/manifest-icon-16.png",
    "32": "icons/manifest-icon-32.png",
    "48": "icons/manifest-icon-48.png",
  },
  "manifest_version": 3,
  "name": "public dir test extension",
  "version": "1.0.0",
  "web_accessible_resources": Array [
    Object {
      "matches": Array [
        "<all_urls>",
      ],
      "resources": Array [
        "*",
        "**/*",
      ],
      "use_dynamic_url": true,
    },
  ],
}
`;

exports[`serve fs output > _01 output files 1`] = `
Array [
  "assets/precontroller.hash0.js",
  "favicon.svg",
  "icons/action-icon-128.png",
  "icons/action-icon-16.png",
  "icons/action-icon-32.png",
  "icons/action-icon-48.png",
  "icons/manifest-icon-128.png",
  "icons/manifest-icon-16.png",
  "icons/manifest-icon-32.png",
  "icons/manifest-icon-48.png",
  "manifest.json",
  "service-worker-loader.js",
  "src/popup.html",
]
`;

exports[`serve fs output > _02 optimized deps 1`] = `
Set {
  "src/popup.html",
}
`;

exports[`serve fs output > assets/precontroller.hash0.js 1`] = `
"const id = setInterval(() => location.reload(), 100);
setTimeout(() => clearInterval(id), 5e3);
"
`;

exports[`serve fs output > service-worker-loader.js 1`] = `
"import 'http://localhost:3000/@vite/env';
import 'http://localhost:3000/@crx/client-worker';
"
`;

exports[`serve fs output > src/popup.html 1`] = `
"<!DOCTYPE html>
<html lang=\\"en\\">
  <head>
    <title>Waiting for the extension service worker...</title>
    <script src=\\"/assets/precontroller.hash0.js\\"></script>
  </head>
  <body>
    <h1>Waiting for service worker</h1>

    <p>
      If you see this message, it means the service worker has not loaded fully.
    </p>

    <p>This page is never added in production.</p>
  </body>
</html>
"
`;
