// Vitest Snapshot v1

exports[`serve fs output > _00 manifest.json 1`] = `
Object {
  "background": Object {
    "service_worker": "service-worker-loader.js",
    "type": "module",
  },
  "content_scripts": Array [
    Object {
      "js": Array [
        "src/content.ts-loader.js",
      ],
      "matches": Array [
        "https://google.com/search*",
        "*://a.com/*",
      ],
    },
  ],
  "manifest_version": 3,
  "name": "test extension",
  "version": "0.1.0",
  "web_accessible_resources": Array [
    Object {
      "matches": Array [
        "<all_urls>",
      ],
      "resources": Array [
        "*",
        "**/*",
      ],
      "use_dynamic_url": true,
    },
  ],
}
`;

exports[`serve fs output > _01 output files 1`] = `
Array [
  "manifest.json",
  "service-worker-loader.js",
  "src/content.ts-loader.js",
  "src/content.ts.js",
  "src/font.otf",
  "src/font.otf__import.js",
  "src/image.png",
  "src/image.png__import.js",
  "src/script.ts.js",
  "src/script.ts__scriptId--0.js",
  "vendor/crx-client-port.js",
  "vendor/vite-client.js",
  "vendor/vite-dist-client-env.mjs.js",
  "vendor/webcomponents-custom-elements.js",
]
`;

exports[`serve fs output > _02 optimized deps 1`] = `
Set {
  "src/content.ts",
}
`;

exports[`serve fs output > service-worker-loader.js 1`] = `
"import 'http://localhost:3000/@vite/env';
import 'http://localhost:3000/@crx/client-worker';
"
`;

exports[`serve fs output > src/content.ts.js 1`] = `
"import icon from \\"/src/image.png__import.js\\";
import font from \\"/src/font.otf__import.js\\";
import scriptUrl from \\"/src/script.ts__scriptId--0.js\\";
console.log(\\"content.ts\\", { icon, font });
const script = document.createElement(\\"script\\");
script.src = chrome.runtime.getURL(scriptUrl);
script.type = \\"module\\";
document.body.append(script);
"
`;

exports[`serve fs output > src/content.ts-loader.js 1`] = `
"(function () {
  'use strict';

  (async () => {
    if (\\"\\")
      await import(
        /* @vite-ignore */
        chrome.runtime.getURL(\\"\\")
      );
    await import(
      /* @vite-ignore */
      chrome.runtime.getURL(\\"vendor/vite-client.js\\")
    );
    await import(
      /* @vite-ignore */
      chrome.runtime.getURL(\\"src/content.ts.js\\")
    );
  })().catch(console.error);

})();
"
`;

exports[`serve fs output > src/font.otf__import.js 1`] = `"export default \\"/src/font.otf\\""`;

exports[`serve fs output > src/image.png__import.js 1`] = `"export default \\"/src/image.png\\""`;

exports[`serve fs output > src/script.ts.js 1`] = `
"console.log(\\"main world script\\");
export {};
"
`;

exports[`serve fs output > src/script.ts__scriptId--0.js 1`] = `
"export default \\"src/script.ts.js\\";
"
`;
